2
No safe path
2
0
No safe path
7
5
6
No safe path
No safe path
5
8
13
90
