3.3333
0.3500
0.4091
0.0000
0.5000
0.0000
0.0417
1.0833
0.0000
10.4167
2.1667
