2: RUN;
3: Zombies: 5;
4: Zombies: 1;
5: No Zombies;
6: Zombies: 70;
7: RUN;
8: RUN;
8: RUN;
2: No Zombies;
4: No Zombies;
5: Zombies: 4;
7: Zombies: 14;
9: Zombies: 60;
11: Zombies: 100;
14: Zombies: 15;
15: RUN;
16: RUN;
16: RUN;
2: Zombies: 12;
4: RUN;
1: RUN;
1: RUN;
1: RUN;
1: RUN;
1: RUN;
1: RUN;
1: RUN;
1: RUN;
1: Zombies: 1;
2: No Zombies;
3: Zombies: 1;
4: No Zombies;
5: Zombies: 1;
6: No Zombies;
7: Zombies: 1;
8: No Zombies;
10: RUN;
12: RUN;
