2 0 0 0 0 0 0 0 0 0 0 0 0 0 0 0 0 0 0 0
0 0 0 0 0 0 0 0 0 0 0 0 0 0 0 0 0 0 0 0
5 1 0 0 1 1 0 1 1 0 0 1 0 0 1 1 1 0 0 0
79 0 1 0 0 1 1 1 1 0 1 1 1 0 1 1 1 0 1 0
107 0 0 1 0 1 0 0 1 1 1 0 0 1 1 1 1 1 0 0
148 0 1 0 0 0 1 0 0 1 0 0 1 0 1 1 0 0 1 0
141 1 0 0 0 1 0 1 0 0 0 0 0 0 0 0 0 0 1 1
127 0 1 0 1 1 0 1 1 0 0 0 1 0 1 1 1 1 1 1
115 0 1 1 1 0 1 0 1 1 1 0 0 1 1 1 0 1 0 1
97 0 0 0 1 0 1 0 1 1 0 0 0 1 1 0 0 0 0 0
